------------------------------------------------------------
Timing Analyzer Summary
------------------------------------------------------------

Type  : Slow 1200mV 85C Model Setup 'pll_inst|altpll_component|auto_generated|pll1|clk[0]'
Slack : -15.600
TNS   : -419.350

Type  : Slow 1200mV 85C Model Setup 'VGA_control:VGA_control_inst|cnt_hs[0]'
Slack : -11.741
TNS   : -23.296

Type  : Slow 1200mV 85C Model Hold 'VGA_control:VGA_control_inst|cnt_hs[0]'
Slack : -3.899
TNS   : -5.229

Type  : Slow 1200mV 85C Model Hold 'pll_inst|altpll_component|auto_generated|pll1|clk[0]'
Slack : 0.451
TNS   : 0.000

Type  : Slow 1200mV 85C Model Minimum Pulse Width 'VGA_control:VGA_control_inst|cnt_hs[0]'
Slack : -0.924
TNS   : -12.543

Type  : Slow 1200mV 85C Model Minimum Pulse Width 'clk'
Slack : 9.934
TNS   : 0.000

Type  : Slow 1200mV 85C Model Minimum Pulse Width 'pll_inst|altpll_component|auto_generated|pll1|clk[0]'
Slack : 19.700
TNS   : 0.000

Type  : Slow 1200mV 0C Model Setup 'pll_inst|altpll_component|auto_generated|pll1|clk[0]'
Slack : -14.701
TNS   : -385.780

Type  : Slow 1200mV 0C Model Setup 'VGA_control:VGA_control_inst|cnt_hs[0]'
Slack : -11.606
TNS   : -23.155

Type  : Slow 1200mV 0C Model Hold 'VGA_control:VGA_control_inst|cnt_hs[0]'
Slack : -3.516
TNS   : -4.756

Type  : Slow 1200mV 0C Model Hold 'pll_inst|altpll_component|auto_generated|pll1|clk[0]'
Slack : 0.400
TNS   : 0.000

Type  : Slow 1200mV 0C Model Minimum Pulse Width 'VGA_control:VGA_control_inst|cnt_hs[0]'
Slack : -0.943
TNS   : -10.547

Type  : Slow 1200mV 0C Model Minimum Pulse Width 'clk'
Slack : 9.943
TNS   : 0.000

Type  : Slow 1200mV 0C Model Minimum Pulse Width 'pll_inst|altpll_component|auto_generated|pll1|clk[0]'
Slack : 19.662
TNS   : 0.000

Type  : Fast 1200mV 0C Model Setup 'pll_inst|altpll_component|auto_generated|pll1|clk[0]'
Slack : -6.829
TNS   : -180.897

Type  : Fast 1200mV 0C Model Setup 'VGA_control:VGA_control_inst|cnt_hs[0]'
Slack : -4.926
TNS   : -9.718

Type  : Fast 1200mV 0C Model Hold 'VGA_control:VGA_control_inst|cnt_hs[0]'
Slack : -1.983
TNS   : -2.794

Type  : Fast 1200mV 0C Model Hold 'pll_inst|altpll_component|auto_generated|pll1|clk[0]'
Slack : 0.185
TNS   : 0.000

Type  : Fast 1200mV 0C Model Minimum Pulse Width 'VGA_control:VGA_control_inst|cnt_hs[0]'
Slack : -0.088
TNS   : -0.487

Type  : Fast 1200mV 0C Model Minimum Pulse Width 'clk'
Slack : 9.594
TNS   : 0.000

Type  : Fast 1200mV 0C Model Minimum Pulse Width 'pll_inst|altpll_component|auto_generated|pll1|clk[0]'
Slack : 19.732
TNS   : 0.000

------------------------------------------------------------
